2025-10-28 12:22:09,557 [INFO] ============================================================
2025-10-28 12:22:09,557 [INFO] 🚀 Bắt đầu iptables_service tại 2025-10-28 12:22:09.557960
2025-10-28 12:22:09,558 [INFO] ============================================================
2025-10-28 12:22:09,562 [INFO] [REDIS] Đã kết nối Redis channel: iptables_commands
2025-10-28 12:22:27,911 [INFO] [REDIS] Nhận lệnh: BLOCK 1.1.1.1
2025-10-28 12:22:27,944 [WARNING] [SKIP] IP 1.1.1.1 đã bị chặn từ trước.
2025-11-11 10:32:59,436 [INFO] ============================================================
2025-11-11 10:32:59,436 [INFO] 🚀 Bắt đầu iptables_service tại 2025-11-11 10:32:59.436536
2025-11-11 10:32:59,436 [INFO] ============================================================
2025-11-11 10:32:59,437 [INFO] [REDIS] Đã kết nối Redis channel: iptables_commands
2025-11-11 10:33:09,448 [ERROR] [ERROR] Lỗi không xác định: Timeout reading from socket
2025-11-11 10:33:14,449 [INFO] [REDIS] Đã kết nối Redis channel: iptables_commands
2025-11-11 10:33:24,459 [ERROR] [ERROR] Lỗi không xác định: Timeout reading from socket
2025-11-11 10:33:29,459 [INFO] [REDIS] Đã kết nối Redis channel: iptables_commands
2025-11-11 10:33:39,470 [ERROR] [ERROR] Lỗi không xác định: Timeout reading from socket
2025-11-11 10:33:44,470 [INFO] [REDIS] Đã kết nối Redis channel: iptables_commands
2025-11-11 10:33:54,481 [ERROR] [ERROR] Lỗi không xác định: Timeout reading from socket
2025-11-11 10:33:55,417 [INFO] ============================================================
2025-11-11 10:33:55,417 [INFO] 🚀 Bắt đầu iptables_service tại 2025-11-11 10:33:55.417779
2025-11-11 10:33:55,417 [INFO] ============================================================
2025-11-11 10:33:55,419 [INFO] [REDIS] Đã kết nối Redis channel: iptables_commands
2025-11-11 10:34:05,422 [ERROR] [ERROR] Lỗi không xác định: Timeout reading from socket
2025-11-11 10:34:10,423 [INFO] [REDIS] Đã kết nối Redis channel: iptables_commands
2025-11-11 10:34:20,433 [ERROR] [ERROR] Lỗi không xác định: Timeout reading from socket
2025-11-11 10:34:25,434 [INFO] [REDIS] Đã kết nối Redis channel: iptables_commands
2025-11-11 10:34:35,444 [ERROR] [ERROR] Lỗi không xác định: Timeout reading from socket
2025-11-11 10:34:40,445 [INFO] [REDIS] Đã kết nối Redis channel: iptables_commands
2025-11-11 10:34:50,455 [ERROR] [ERROR] Lỗi không xác định: Timeout reading from socket
2025-11-11 10:34:55,456 [INFO] [REDIS] Đã kết nối Redis channel: iptables_commands
2025-11-11 10:35:05,466 [ERROR] [ERROR] Lỗi không xác định: Timeout reading from socket
2025-11-11 10:35:10,466 [INFO] [REDIS] Đã kết nối Redis channel: iptables_commands
2025-11-11 10:35:20,476 [ERROR] [ERROR] Lỗi không xác định: Timeout reading from socket
2025-11-11 10:35:25,476 [INFO] [REDIS] Đã kết nối Redis channel: iptables_commands
2025-11-11 10:35:35,486 [ERROR] [ERROR] Lỗi không xác định: Timeout reading from socket
2025-11-11 10:35:40,487 [INFO] [REDIS] Đã kết nối Redis channel: iptables_commands
2025-11-11 10:35:50,497 [ERROR] [ERROR] Lỗi không xác định: Timeout reading from socket
2025-11-11 10:35:55,498 [INFO] [REDIS] Đã kết nối Redis channel: iptables_commands
2025-11-11 10:36:05,508 [ERROR] [ERROR] Lỗi không xác định: Timeout reading from socket
2025-11-11 10:36:10,508 [INFO] [REDIS] Đã kết nối Redis channel: iptables_commands
2025-11-11 10:36:20,518 [ERROR] [ERROR] Lỗi không xác định: Timeout reading from socket
2025-11-11 10:36:25,518 [INFO] [REDIS] Đã kết nối Redis channel: iptables_commands
2025-11-11 10:36:35,528 [ERROR] [ERROR] Lỗi không xác định: Timeout reading from socket
2025-11-11 10:36:40,529 [INFO] [REDIS] Đã kết nối Redis channel: iptables_commands
2025-11-11 10:36:50,538 [ERROR] [ERROR] Lỗi không xác định: Timeout reading from socket
2025-11-11 10:36:55,539 [INFO] [REDIS] Đã kết nối Redis channel: iptables_commands
2025-11-11 10:37:05,549 [ERROR] [ERROR] Lỗi không xác định: Timeout reading from socket
2025-11-11 10:37:10,549 [INFO] [REDIS] Đã kết nối Redis channel: iptables_commands
2025-11-11 10:37:20,559 [ERROR] [ERROR] Lỗi không xác định: Timeout reading from socket
2025-11-11 10:37:25,560 [INFO] [REDIS] Đã kết nối Redis channel: iptables_commands
2025-11-11 10:37:35,570 [ERROR] [ERROR] Lỗi không xác định: Timeout reading from socket
2025-11-11 10:37:40,571 [INFO] [REDIS] Đã kết nối Redis channel: iptables_commands
2025-11-11 10:37:50,581 [ERROR] [ERROR] Lỗi không xác định: Timeout reading from socket
2025-11-11 10:37:55,581 [INFO] [REDIS] Đã kết nối Redis channel: iptables_commands
2025-11-11 10:38:05,583 [ERROR] [ERROR] Lỗi không xác định: Timeout reading from socket
2025-11-11 10:38:10,584 [INFO] [REDIS] Đã kết nối Redis channel: iptables_commands
2025-11-11 10:38:20,588 [ERROR] [ERROR] Lỗi không xác định: Timeout reading from socket
2025-11-11 10:38:25,589 [INFO] [REDIS] Đã kết nối Redis channel: iptables_commands
2025-11-11 10:38:35,598 [ERROR] [ERROR] Lỗi không xác định: Timeout reading from socket
2025-11-11 10:38:40,599 [INFO] [REDIS] Đã kết nối Redis channel: iptables_commands
2025-11-11 10:38:50,609 [ERROR] [ERROR] Lỗi không xác định: Timeout reading from socket
2025-11-11 10:38:55,610 [INFO] [REDIS] Đã kết nối Redis channel: iptables_commands
2025-11-11 10:39:05,620 [ERROR] [ERROR] Lỗi không xác định: Timeout reading from socket
2025-11-11 10:39:10,620 [INFO] [REDIS] Đã kết nối Redis channel: iptables_commands
2025-11-11 10:39:20,630 [ERROR] [ERROR] Lỗi không xác định: Timeout reading from socket
2025-11-11 10:39:25,631 [INFO] [REDIS] Đã kết nối Redis channel: iptables_commands
2025-11-11 10:39:35,641 [ERROR] [ERROR] Lỗi không xác định: Timeout reading from socket
2025-11-11 10:39:40,642 [INFO] [REDIS] Đã kết nối Redis channel: iptables_commands
2025-11-11 10:39:50,652 [ERROR] [ERROR] Lỗi không xác định: Timeout reading from socket
2025-11-11 10:39:55,652 [INFO] [REDIS] Đã kết nối Redis channel: iptables_commands
2025-11-11 10:40:05,661 [ERROR] [ERROR] Lỗi không xác định: Timeout reading from socket
2025-11-11 10:40:10,661 [INFO] [REDIS] Đã kết nối Redis channel: iptables_commands
2025-11-11 10:40:20,671 [ERROR] [ERROR] Lỗi không xác định: Timeout reading from socket
2025-11-11 10:40:25,671 [INFO] [REDIS] Đã kết nối Redis channel: iptables_commands
2025-11-11 10:40:35,681 [ERROR] [ERROR] Lỗi không xác định: Timeout reading from socket
2025-11-11 10:40:40,682 [INFO] [REDIS] Đã kết nối Redis channel: iptables_commands
2025-11-11 10:40:50,691 [ERROR] [ERROR] Lỗi không xác định: Timeout reading from socket
2025-11-11 10:40:55,692 [INFO] [REDIS] Đã kết nối Redis channel: iptables_commands
2025-11-11 10:41:05,702 [ERROR] [ERROR] Lỗi không xác định: Timeout reading from socket
2025-11-11 10:41:10,703 [INFO] [REDIS] Đã kết nối Redis channel: iptables_commands
2025-11-11 10:41:20,712 [ERROR] [ERROR] Lỗi không xác định: Timeout reading from socket
2025-11-11 10:41:25,712 [INFO] [REDIS] Đã kết nối Redis channel: iptables_commands
2025-11-11 10:41:35,723 [ERROR] [ERROR] Lỗi không xác định: Timeout reading from socket
2025-11-11 10:41:40,723 [INFO] [REDIS] Đã kết nối Redis channel: iptables_commands
2025-11-11 10:41:50,733 [ERROR] [ERROR] Lỗi không xác định: Timeout reading from socket
2025-11-11 10:41:55,734 [INFO] [REDIS] Đã kết nối Redis channel: iptables_commands
2025-11-11 10:42:05,744 [ERROR] [ERROR] Lỗi không xác định: Timeout reading from socket
2025-11-11 10:42:10,744 [INFO] [REDIS] Đã kết nối Redis channel: iptables_commands
2025-11-11 10:42:20,754 [ERROR] [ERROR] Lỗi không xác định: Timeout reading from socket
2025-11-11 10:42:25,755 [INFO] [REDIS] Đã kết nối Redis channel: iptables_commands
2025-11-11 10:42:26,776 [INFO] ============================================================
2025-11-11 10:42:26,777 [INFO] 🚀 Bắt đầu iptables_service tại 2025-11-11 10:42:26.777069
2025-11-11 10:42:26,777 [INFO] ============================================================
2025-11-11 10:42:26,778 [INFO] [REDIS] Đã kết nối Redis channel: iptables_commands
2025-11-11 10:42:36,789 [ERROR] [ERROR] Lỗi không xác định: Timeout reading from socket
2025-11-11 10:42:41,789 [INFO] [REDIS] Đã kết nối Redis channel: iptables_commands
2025-11-11 10:42:51,800 [ERROR] [ERROR] Lỗi không xác định: Timeout reading from socket
2025-11-11 10:42:56,801 [INFO] [REDIS] Đã kết nối Redis channel: iptables_commands
2025-11-11 10:43:06,810 [ERROR] [ERROR] Lỗi không xác định: Timeout reading from socket
2025-11-11 10:43:11,811 [INFO] [REDIS] Đã kết nối Redis channel: iptables_commands
2025-11-11 10:43:21,821 [ERROR] [ERROR] Lỗi không xác định: Timeout reading from socket
2025-11-11 10:43:26,822 [INFO] [REDIS] Đã kết nối Redis channel: iptables_commands
2025-11-11 10:43:36,832 [ERROR] [ERROR] Lỗi không xác định: Timeout reading from socket
2025-11-11 10:43:41,833 [INFO] [REDIS] Đã kết nối Redis channel: iptables_commands
2025-11-11 10:43:51,843 [ERROR] [ERROR] Lỗi không xác định: Timeout reading from socket
2025-11-11 10:43:56,844 [INFO] [REDIS] Đã kết nối Redis channel: iptables_commands
2025-11-11 10:44:06,854 [ERROR] [ERROR] Lỗi không xác định: Timeout reading from socket
2025-11-11 10:44:11,855 [INFO] [REDIS] Đã kết nối Redis channel: iptables_commands
2025-11-11 10:44:46,003 [INFO] ============================================================
2025-11-11 10:44:46,003 [INFO] 🚀 Bắt đầu iptables_service tại 2025-11-11 10:44:46.003872
2025-11-11 10:44:46,003 [INFO] ============================================================
2025-11-11 10:44:46,005 [INFO] [REDIS] Đã kết nối Redis channel: iptables_commands
2025-11-11 10:45:26,059 [INFO] [REDIS] Nhận lệnh: BLOCK 1.2.3.4
2025-11-11 10:45:26,076 [INFO] [BLOCKED] 1.2.3.4 - Đã thêm vào iptables
2025-11-11 10:46:26,136 [ERROR] [REDIS] Timeout khi đọc từ socket: Timeout reading from socket, reconnect sau 5s...
2025-11-11 10:46:31,137 [INFO] [REDIS] Đã kết nối Redis channel: iptables_commands
2025-11-11 10:47:31,182 [ERROR] [REDIS] Timeout khi đọc từ socket: Timeout reading from socket, reconnect sau 5s...
2025-11-11 10:47:36,183 [INFO] [REDIS] Đã kết nối Redis channel: iptables_commands
2025-11-11 10:48:14,516 [INFO] [REDIS] Nhận lệnh: BLOCK 1.2.3.4
2025-11-11 10:48:14,524 [WARNING] [SKIP] IP 1.2.3.4 đã bị chặn từ trước.
2025-11-11 10:49:14,584 [ERROR] [REDIS] Timeout khi đọc từ socket: Timeout reading from socket, reconnect sau 5s...
2025-11-11 10:49:19,584 [INFO] [REDIS] Đã kết nối Redis channel: iptables_commands
2025-11-11 10:50:19,645 [ERROR] [REDIS] Timeout khi đọc từ socket: Timeout reading from socket, reconnect sau 5s...
2025-11-11 10:50:24,646 [INFO] [REDIS] Đã kết nối Redis channel: iptables_commands
2025-11-11 10:51:24,706 [ERROR] [REDIS] Timeout khi đọc từ socket: Timeout reading from socket, reconnect sau 5s...
2025-11-11 10:51:29,707 [INFO] [REDIS] Đã kết nối Redis channel: iptables_commands
2025-11-11 10:52:29,766 [ERROR] [REDIS] Timeout khi đọc từ socket: Timeout reading from socket, reconnect sau 5s...
2025-11-11 10:52:34,766 [INFO] [REDIS] Đã kết nối Redis channel: iptables_commands
2025-11-11 10:53:34,826 [ERROR] [REDIS] Timeout khi đọc từ socket: Timeout reading from socket, reconnect sau 5s...
2025-11-11 10:53:39,827 [INFO] [REDIS] Đã kết nối Redis channel: iptables_commands
2025-11-11 10:54:39,887 [ERROR] [REDIS] Timeout khi đọc từ socket: Timeout reading from socket, reconnect sau 5s...
2025-11-11 10:54:44,888 [INFO] [REDIS] Đã kết nối Redis channel: iptables_commands
2025-11-11 10:55:44,948 [ERROR] [REDIS] Timeout khi đọc từ socket: Timeout reading from socket, reconnect sau 5s...
2025-11-11 10:55:49,948 [INFO] [REDIS] Đã kết nối Redis channel: iptables_commands
2025-11-11 10:56:50,008 [ERROR] [REDIS] Timeout khi đọc từ socket: Timeout reading from socket, reconnect sau 5s...
2025-11-11 10:56:55,009 [INFO] [REDIS] Đã kết nối Redis channel: iptables_commands
2025-11-11 10:57:55,069 [ERROR] [REDIS] Timeout khi đọc từ socket: Timeout reading from socket, reconnect sau 5s...
2025-11-11 10:58:00,070 [INFO] [REDIS] Đã kết nối Redis channel: iptables_commands
2025-11-11 10:59:00,121 [ERROR] [REDIS] Timeout khi đọc từ socket: Timeout reading from socket, reconnect sau 5s...
2025-11-11 10:59:05,122 [INFO] [REDIS] Đã kết nối Redis channel: iptables_commands
2025-11-11 11:00:05,155 [ERROR] [REDIS] Timeout khi đọc từ socket: Timeout reading from socket, reconnect sau 5s...
2025-11-11 11:00:10,155 [INFO] [REDIS] Đã kết nối Redis channel: iptables_commands
2025-11-11 11:01:10,215 [ERROR] [REDIS] Timeout khi đọc từ socket: Timeout reading from socket, reconnect sau 5s...
2025-11-11 11:01:15,216 [INFO] [REDIS] Đã kết nối Redis channel: iptables_commands
2025-11-11 11:02:15,272 [ERROR] [REDIS] Timeout khi đọc từ socket: Timeout reading from socket, reconnect sau 5s...
2025-11-11 11:02:20,273 [INFO] [REDIS] Đã kết nối Redis channel: iptables_commands
2025-11-11 11:03:20,331 [ERROR] [REDIS] Timeout khi đọc từ socket: Timeout reading from socket, reconnect sau 5s...
2025-11-11 11:03:25,332 [INFO] [REDIS] Đã kết nối Redis channel: iptables_commands
2025-11-11 11:04:25,392 [ERROR] [REDIS] Timeout khi đọc từ socket: Timeout reading from socket, reconnect sau 5s...
2025-11-11 11:04:30,392 [INFO] [REDIS] Đã kết nối Redis channel: iptables_commands
2025-11-11 11:05:30,452 [ERROR] [REDIS] Timeout khi đọc từ socket: Timeout reading from socket, reconnect sau 5s...
2025-11-11 11:05:35,452 [INFO] [REDIS] Đã kết nối Redis channel: iptables_commands
2025-11-11 11:06:35,507 [ERROR] [REDIS] Timeout khi đọc từ socket: Timeout reading from socket, reconnect sau 5s...
2025-11-11 11:06:40,508 [INFO] [REDIS] Đã kết nối Redis channel: iptables_commands
2025-11-11 11:07:03,147 [INFO] ============================================================
2025-11-11 11:07:03,147 [INFO] 🚀 Bắt đầu iptables_service tại 2025-11-11 11:07:03.147408
2025-11-11 11:07:03,147 [INFO] ============================================================
2025-11-11 11:07:03,148 [INFO] [REDIS] Đã kết nối Redis channel: iptables_commands
2025-11-11 11:07:24,454 [INFO] [REDIS] Nhận lệnh: BLOCK 127.0.0.1
2025-11-11 11:07:24,467 [INFO] [BLOCKED] 127.0.0.1 - Đã thêm vào iptables
2025-11-11 11:08:24,527 [ERROR] [REDIS] Timeout khi đọc từ socket: Timeout reading from socket, reconnect sau 5s...
2025-11-11 11:09:29,587 [ERROR] [REDIS] Timeout khi đọc từ socket: Timeout connecting to server, reconnect sau 5s...
2025-11-11 11:10:34,647 [ERROR] [REDIS] Timeout khi đọc từ socket: Timeout connecting to server, reconnect sau 5s...
2025-11-11 11:11:39,707 [ERROR] [REDIS] Timeout khi đọc từ socket: Timeout connecting to server, reconnect sau 5s...
2025-11-11 11:12:44,767 [ERROR] [REDIS] Timeout khi đọc từ socket: Timeout connecting to server, reconnect sau 5s...
2025-11-11 14:38:54,942 [INFO] ============================================================
2025-11-11 14:38:54,942 [INFO] 🚀 Bắt đầu iptables_service tại 2025-11-11 14:38:54.942388
2025-11-11 14:38:54,942 [INFO] ============================================================
2025-11-11 14:38:54,943 [INFO] [REDIS] Đã kết nối Redis channel: iptables_commands
2025-11-11 14:39:55,004 [ERROR] [REDIS] Timeout khi đọc từ socket: Timeout reading from socket, reconnect sau 5s...
2025-11-11 14:40:00,004 [INFO] [REDIS] Đã kết nối Redis channel: iptables_commands
2025-11-11 14:41:00,006 [ERROR] [REDIS] Timeout khi đọc từ socket: Timeout reading from socket, reconnect sau 5s...
2025-11-11 14:41:05,007 [INFO] [REDIS] Đã kết nối Redis channel: iptables_commands
2025-11-11 14:42:05,067 [ERROR] [REDIS] Timeout khi đọc từ socket: Timeout reading from socket, reconnect sau 5s...
2025-11-11 14:42:10,068 [INFO] [REDIS] Đã kết nối Redis channel: iptables_commands
2025-11-11 14:43:10,128 [ERROR] [REDIS] Timeout khi đọc từ socket: Timeout reading from socket, reconnect sau 5s...
2025-11-11 14:43:15,129 [INFO] [REDIS] Đã kết nối Redis channel: iptables_commands
2025-11-11 14:44:15,189 [ERROR] [REDIS] Timeout khi đọc từ socket: Timeout reading from socket, reconnect sau 5s...
2025-11-11 14:44:20,189 [INFO] [REDIS] Đã kết nối Redis channel: iptables_commands
2025-11-11 14:45:20,249 [ERROR] [REDIS] Timeout khi đọc từ socket: Timeout reading from socket, reconnect sau 5s...
2025-11-11 14:45:25,249 [INFO] [REDIS] Đã kết nối Redis channel: iptables_commands
2025-11-11 14:46:25,283 [ERROR] [REDIS] Timeout khi đọc từ socket: Timeout reading from socket, reconnect sau 5s...
2025-11-11 14:46:30,284 [INFO] [REDIS] Đã kết nối Redis channel: iptables_commands
2025-11-11 14:47:30,344 [ERROR] [REDIS] Timeout khi đọc từ socket: Timeout reading from socket, reconnect sau 5s...
2025-11-11 14:47:35,344 [INFO] [REDIS] Đã kết nối Redis channel: iptables_commands
2025-11-11 14:47:49,966 [INFO] [REDIS] Nhận lệnh: BLOCK 10.10.16.80
2025-11-11 14:47:49,979 [INFO] [BLOCKED] 10.10.16.80 - Đã thêm vào iptables
2025-11-11 14:47:52,618 [INFO] [REDIS] Nhận lệnh: BLOCK 10.10.30.195
2025-11-11 14:47:52,634 [INFO] [BLOCKED] 10.10.30.195 - Đã thêm vào iptables
2025-11-11 14:47:56,741 [INFO] [REDIS] Nhận lệnh: BLOCK 10.10.16.80
2025-11-11 14:47:56,747 [WARNING] [SKIP] IP 10.10.16.80 đã bị chặn từ trước.
2025-11-11 14:47:59,288 [INFO] [REDIS] Nhận lệnh: BLOCK 10.10.30.195
2025-11-11 14:47:59,296 [WARNING] [SKIP] IP 10.10.30.195 đã bị chặn từ trước.
2025-11-11 14:48:02,817 [INFO] [REDIS] Nhận lệnh: BLOCK 10.10.16.80
2025-11-11 14:48:02,823 [WARNING] [SKIP] IP 10.10.16.80 đã bị chặn từ trước.
2025-11-11 14:48:05,475 [INFO] [REDIS] Nhận lệnh: BLOCK 10.10.16.80
2025-11-11 14:48:05,484 [WARNING] [SKIP] IP 10.10.16.80 đã bị chặn từ trước.
2025-11-11 14:48:08,710 [INFO] [REDIS] Nhận lệnh: BLOCK 10.10.16.80
2025-11-11 14:48:08,717 [WARNING] [SKIP] IP 10.10.16.80 đã bị chặn từ trước.
2025-11-11 14:48:13,135 [INFO] [REDIS] Nhận lệnh: BLOCK 10.10.30.195
2025-11-11 14:48:13,142 [WARNING] [SKIP] IP 10.10.30.195 đã bị chặn từ trước.
2025-11-11 14:48:15,732 [INFO] [REDIS] Nhận lệnh: BLOCK 10.10.30.195
2025-11-11 14:48:15,739 [WARNING] [SKIP] IP 10.10.30.195 đã bị chặn từ trước.
2025-11-11 14:48:18,607 [INFO] [REDIS] Nhận lệnh: BLOCK 10.10.30.195
2025-11-11 14:48:18,616 [WARNING] [SKIP] IP 10.10.30.195 đã bị chặn từ trước.
2025-11-11 14:48:21,664 [INFO] [REDIS] Nhận lệnh: BLOCK 10.10.16.80
2025-11-11 14:48:21,675 [WARNING] [SKIP] IP 10.10.16.80 đã bị chặn từ trước.
2025-11-11 14:48:25,170 [INFO] [REDIS] Nhận lệnh: BLOCK 10.10.30.195
2025-11-11 14:48:25,178 [WARNING] [SKIP] IP 10.10.30.195 đã bị chặn từ trước.
2025-11-11 14:48:28,919 [INFO] [REDIS] Nhận lệnh: BLOCK 10.10.16.80
2025-11-11 14:48:28,928 [WARNING] [SKIP] IP 10.10.16.80 đã bị chặn từ trước.
2025-11-11 14:48:32,205 [INFO] [REDIS] Nhận lệnh: BLOCK 10.10.30.195
2025-11-11 14:48:32,215 [WARNING] [SKIP] IP 10.10.30.195 đã bị chặn từ trước.
2025-11-11 14:48:35,398 [INFO] [REDIS] Nhận lệnh: BLOCK 10.10.16.80
2025-11-11 14:48:35,407 [WARNING] [SKIP] IP 10.10.16.80 đã bị chặn từ trước.
2025-11-11 14:48:37,853 [INFO] [REDIS] Nhận lệnh: BLOCK 10.10.30.195
2025-11-11 14:48:37,863 [WARNING] [SKIP] IP 10.10.30.195 đã bị chặn từ trước.
2025-11-11 14:48:42,912 [INFO] [REDIS] Nhận lệnh: BLOCK 10.10.16.80
2025-11-11 14:48:42,921 [WARNING] [SKIP] IP 10.10.16.80 đã bị chặn từ trước.
2025-11-11 14:48:42,941 [INFO] [REDIS] Nhận lệnh: BLOCK 10.10.16.80
2025-11-11 14:48:42,950 [WARNING] [SKIP] IP 10.10.16.80 đã bị chặn từ trước.
2025-11-11 14:49:42,991 [ERROR] [REDIS] Timeout khi đọc từ socket: Timeout reading from socket, reconnect sau 5s...
2025-11-11 14:49:47,992 [INFO] [REDIS] Đã kết nối Redis channel: iptables_commands
2025-11-11 14:50:48,055 [ERROR] [REDIS] Timeout khi đọc từ socket: Timeout reading from socket, reconnect sau 5s...
2025-11-11 14:50:53,056 [INFO] [REDIS] Đã kết nối Redis channel: iptables_commands
2025-11-11 14:50:56,387 [INFO] [REDIS] Nhận lệnh: BLOCK 10.10.30.108
2025-11-11 14:50:56,409 [INFO] [BLOCKED] 10.10.30.108 - Đã thêm vào iptables
2025-11-11 14:51:00,082 [INFO] [REDIS] Nhận lệnh: BLOCK 10.10.30.195
2025-11-11 14:51:00,092 [WARNING] [SKIP] IP 10.10.30.195 đã bị chặn từ trước.
2025-11-11 14:51:03,516 [INFO] [REDIS] Nhận lệnh: BLOCK 10.10.30.108
2025-11-11 14:51:03,523 [WARNING] [SKIP] IP 10.10.30.108 đã bị chặn từ trước.
2025-11-11 14:51:06,703 [INFO] [REDIS] Nhận lệnh: BLOCK 10.10.30.108
2025-11-11 14:51:06,711 [WARNING] [SKIP] IP 10.10.30.108 đã bị chặn từ trước.
2025-11-11 14:52:06,771 [ERROR] [REDIS] Timeout khi đọc từ socket: Timeout reading from socket, reconnect sau 5s...
2025-11-11 14:52:11,771 [INFO] [REDIS] Đã kết nối Redis channel: iptables_commands
2025-11-11 14:53:11,831 [ERROR] [REDIS] Timeout khi đọc từ socket: Timeout reading from socket, reconnect sau 5s...
2025-11-11 14:53:16,831 [INFO] [REDIS] Đã kết nối Redis channel: iptables_commands
2025-11-11 14:54:16,891 [ERROR] [REDIS] Timeout khi đọc từ socket: Timeout reading from socket, reconnect sau 5s...
2025-11-11 14:54:21,891 [INFO] [REDIS] Đã kết nối Redis channel: iptables_commands
2025-11-11 14:55:21,951 [ERROR] [REDIS] Timeout khi đọc từ socket: Timeout reading from socket, reconnect sau 5s...
2025-11-11 14:55:26,952 [INFO] [REDIS] Đã kết nối Redis channel: iptables_commands
2025-11-11 14:56:27,012 [ERROR] [REDIS] Timeout khi đọc từ socket: Timeout reading from socket, reconnect sau 5s...
2025-11-11 14:56:32,013 [INFO] [REDIS] Đã kết nối Redis channel: iptables_commands
2025-11-11 14:57:32,073 [ERROR] [REDIS] Timeout khi đọc từ socket: Timeout reading from socket, reconnect sau 5s...
2025-11-11 14:57:37,074 [INFO] [REDIS] Đã kết nối Redis channel: iptables_commands
2025-11-11 14:58:31,784 [INFO] [REDIS] Nhận lệnh: BLOCK 10.10.16.80
2025-11-11 14:58:31,803 [INFO] [BLOCKED] 10.10.16.80 - Đã thêm vào iptables
2025-11-11 14:58:34,882 [INFO] [REDIS] Nhận lệnh: BLOCK 10.10.30.195
2025-11-11 14:58:34,902 [INFO] [BLOCKED] 10.10.30.195 - Đã thêm vào iptables
2025-11-11 14:58:37,711 [INFO] [REDIS] Nhận lệnh: BLOCK 10.10.16.80
2025-11-11 14:58:37,721 [WARNING] [SKIP] IP 10.10.16.80 đã bị chặn từ trước.
2025-11-11 14:58:42,676 [INFO] [REDIS] Nhận lệnh: BLOCK 10.10.30.195
2025-11-11 14:58:42,685 [WARNING] [SKIP] IP 10.10.30.195 đã bị chặn từ trước.
2025-11-11 14:59:42,745 [ERROR] [REDIS] Timeout khi đọc từ socket: Timeout reading from socket, reconnect sau 5s...
2025-11-11 14:59:47,745 [INFO] [REDIS] Đã kết nối Redis channel: iptables_commands
2025-11-11 15:00:47,805 [ERROR] [REDIS] Timeout khi đọc từ socket: Timeout reading from socket, reconnect sau 5s...
2025-11-11 15:00:52,806 [INFO] [REDIS] Đã kết nối Redis channel: iptables_commands
2025-11-11 15:01:52,866 [ERROR] [REDIS] Timeout khi đọc từ socket: Timeout reading from socket, reconnect sau 5s...
2025-11-11 15:01:57,867 [INFO] [REDIS] Đã kết nối Redis channel: iptables_commands
2025-11-11 15:02:57,906 [ERROR] [REDIS] Timeout khi đọc từ socket: Timeout reading from socket, reconnect sau 5s...
2025-11-11 15:03:02,907 [INFO] [REDIS] Đã kết nối Redis channel: iptables_commands
2025-11-11 15:04:02,967 [ERROR] [REDIS] Timeout khi đọc từ socket: Timeout reading from socket, reconnect sau 5s...
2025-11-11 15:04:07,968 [INFO] [REDIS] Đã kết nối Redis channel: iptables_commands
2025-11-11 15:05:08,028 [ERROR] [REDIS] Timeout khi đọc từ socket: Timeout reading from socket, reconnect sau 5s...
2025-11-11 15:05:13,028 [INFO] [REDIS] Đã kết nối Redis channel: iptables_commands
2025-11-11 15:06:13,086 [ERROR] [REDIS] Timeout khi đọc từ socket: Timeout reading from socket, reconnect sau 5s...
2025-11-11 15:06:18,086 [INFO] [REDIS] Đã kết nối Redis channel: iptables_commands
2025-11-11 15:07:18,099 [ERROR] [REDIS] Timeout khi đọc từ socket: Timeout reading from socket, reconnect sau 5s...
2025-11-11 15:07:23,100 [INFO] [REDIS] Đã kết nối Redis channel: iptables_commands
2025-11-11 15:08:23,133 [ERROR] [REDIS] Timeout khi đọc từ socket: Timeout reading from socket, reconnect sau 5s...
2025-11-11 15:08:28,133 [INFO] [REDIS] Đã kết nối Redis channel: iptables_commands
2025-11-11 15:09:28,155 [ERROR] [REDIS] Timeout khi đọc từ socket: Timeout reading from socket, reconnect sau 5s...
2025-11-11 15:09:33,155 [INFO] [REDIS] Đã kết nối Redis channel: iptables_commands
2025-11-11 15:10:33,216 [ERROR] [REDIS] Timeout khi đọc từ socket: Timeout reading from socket, reconnect sau 5s...
2025-11-11 15:10:38,216 [INFO] [REDIS] Đã kết nối Redis channel: iptables_commands
2025-11-11 15:11:38,277 [ERROR] [REDIS] Timeout khi đọc từ socket: Timeout reading from socket, reconnect sau 5s...
2025-11-11 15:11:43,277 [INFO] [REDIS] Đã kết nối Redis channel: iptables_commands
2025-11-11 15:12:43,314 [ERROR] [REDIS] Timeout khi đọc từ socket: Timeout reading from socket, reconnect sau 5s...
2025-11-11 15:12:48,315 [INFO] [REDIS] Đã kết nối Redis channel: iptables_commands
2025-11-11 15:13:48,378 [ERROR] [REDIS] Timeout khi đọc từ socket: Timeout reading from socket, reconnect sau 5s...
2025-11-11 15:13:53,379 [INFO] [REDIS] Đã kết nối Redis channel: iptables_commands
2025-11-11 15:14:53,435 [ERROR] [REDIS] Timeout khi đọc từ socket: Timeout reading from socket, reconnect sau 5s...
2025-11-11 15:14:58,435 [INFO] [REDIS] Đã kết nối Redis channel: iptables_commands
2025-11-11 15:15:58,496 [ERROR] [REDIS] Timeout khi đọc từ socket: Timeout reading from socket, reconnect sau 5s...
2025-11-11 15:16:03,496 [INFO] [REDIS] Đã kết nối Redis channel: iptables_commands
2025-11-11 15:17:03,557 [ERROR] [REDIS] Timeout khi đọc từ socket: Timeout reading from socket, reconnect sau 5s...
2025-11-11 15:17:08,557 [INFO] [REDIS] Đã kết nối Redis channel: iptables_commands
2025-11-11 15:18:08,618 [ERROR] [REDIS] Timeout khi đọc từ socket: Timeout reading from socket, reconnect sau 5s...
2025-11-11 15:18:13,618 [INFO] [REDIS] Đã kết nối Redis channel: iptables_commands
2025-11-11 15:19:13,678 [ERROR] [REDIS] Timeout khi đọc từ socket: Timeout reading from socket, reconnect sau 5s...
2025-11-11 15:19:18,678 [INFO] [REDIS] Đã kết nối Redis channel: iptables_commands
2025-11-11 15:20:18,738 [ERROR] [REDIS] Timeout khi đọc từ socket: Timeout reading from socket, reconnect sau 5s...
2025-11-11 15:20:23,739 [INFO] [REDIS] Đã kết nối Redis channel: iptables_commands
2025-11-11 15:21:23,799 [ERROR] [REDIS] Timeout khi đọc từ socket: Timeout reading from socket, reconnect sau 5s...
2025-11-11 15:21:28,800 [INFO] [REDIS] Đã kết nối Redis channel: iptables_commands
2025-11-11 15:22:28,860 [ERROR] [REDIS] Timeout khi đọc từ socket: Timeout reading from socket, reconnect sau 5s...
2025-11-11 15:22:33,861 [INFO] [REDIS] Đã kết nối Redis channel: iptables_commands
2025-11-11 15:23:33,921 [ERROR] [REDIS] Timeout khi đọc từ socket: Timeout reading from socket, reconnect sau 5s...
2025-11-11 15:23:38,922 [INFO] [REDIS] Đã kết nối Redis channel: iptables_commands
2025-11-11 15:24:38,982 [ERROR] [REDIS] Timeout khi đọc từ socket: Timeout reading from socket, reconnect sau 5s...
2025-11-11 15:24:43,983 [INFO] [REDIS] Đã kết nối Redis channel: iptables_commands
2025-11-11 15:25:44,046 [ERROR] [REDIS] Timeout khi đọc từ socket: Timeout reading from socket, reconnect sau 5s...
2025-11-11 15:25:49,047 [INFO] [REDIS] Đã kết nối Redis channel: iptables_commands
2025-11-11 15:26:49,107 [ERROR] [REDIS] Timeout khi đọc từ socket: Timeout reading from socket, reconnect sau 5s...
2025-11-11 15:26:54,108 [INFO] [REDIS] Đã kết nối Redis channel: iptables_commands
2025-11-11 15:27:54,118 [ERROR] [REDIS] Timeout khi đọc từ socket: Timeout reading from socket, reconnect sau 5s...
2025-11-11 15:27:59,119 [INFO] [REDIS] Đã kết nối Redis channel: iptables_commands
2025-11-11 15:28:59,161 [ERROR] [REDIS] Timeout khi đọc từ socket: Timeout reading from socket, reconnect sau 5s...
2025-11-11 15:29:04,161 [INFO] [REDIS] Đã kết nối Redis channel: iptables_commands
2025-11-11 15:30:04,222 [ERROR] [REDIS] Timeout khi đọc từ socket: Timeout reading from socket, reconnect sau 5s...
2025-11-11 15:30:09,222 [INFO] [REDIS] Đã kết nối Redis channel: iptables_commands
2025-11-11 15:31:09,285 [ERROR] [REDIS] Timeout khi đọc từ socket: Timeout reading from socket, reconnect sau 5s...
2025-11-11 15:31:14,287 [INFO] [REDIS] Đã kết nối Redis channel: iptables_commands
2025-11-11 15:32:14,347 [ERROR] [REDIS] Timeout khi đọc từ socket: Timeout reading from socket, reconnect sau 5s...
2025-11-11 15:32:19,348 [INFO] [REDIS] Đã kết nối Redis channel: iptables_commands
2025-11-11 15:33:19,408 [ERROR] [REDIS] Timeout khi đọc từ socket: Timeout reading from socket, reconnect sau 5s...
2025-11-11 15:33:24,409 [INFO] [REDIS] Đã kết nối Redis channel: iptables_commands
2025-11-11 15:34:24,450 [ERROR] [REDIS] Timeout khi đọc từ socket: Timeout reading from socket, reconnect sau 5s...
2025-11-11 15:34:29,451 [INFO] [REDIS] Đã kết nối Redis channel: iptables_commands
2025-11-11 15:35:29,511 [ERROR] [REDIS] Timeout khi đọc từ socket: Timeout reading from socket, reconnect sau 5s...
2025-11-11 15:35:34,512 [INFO] [REDIS] Đã kết nối Redis channel: iptables_commands
2025-11-18 15:19:19,812 [INFO] ============================================================
2025-11-18 15:19:19,812 [INFO] 🚀 Bắt đầu iptables_service tại 2025-11-18 15:19:19.812391
2025-11-18 15:19:19,812 [INFO] ============================================================
2025-11-18 15:19:19,819 [INFO] [REDIS] Đã kết nối Redis channel: iptables_commands
2025-11-18 15:21:50,286 [INFO] ============================================================
2025-11-18 15:21:50,286 [INFO] 🚀 Bắt đầu iptables_service tại 2025-11-18 15:21:50.286934
2025-11-18 15:21:50,287 [INFO] ============================================================
2025-11-18 15:21:50,289 [INFO] [REDIS] Đã kết nối Redis channel: iptables_commands
2025-11-18 15:23:17,208 [INFO] ============================================================
2025-11-18 15:23:17,208 [INFO] 🚀 Bắt đầu iptables_service tại 2025-11-18 15:23:17.208420
2025-11-18 15:23:17,208 [INFO] ============================================================
2025-11-18 15:23:17,211 [INFO] [REDIS] Đã kết nối Redis channel: iptables_commands
2025-11-18 15:24:17,226 [ERROR] [REDIS] Timeout khi đọc từ socket: Timeout reading from socket, reconnect sau 5s...
2025-11-18 15:24:22,227 [INFO] [REDIS] Đã kết nối Redis channel: iptables_commands
2025-11-18 15:25:22,269 [ERROR] [REDIS] Timeout khi đọc từ socket: Timeout reading from socket, reconnect sau 5s...
2025-11-18 15:25:27,272 [INFO] [REDIS] Đã kết nối Redis channel: iptables_commands
2025-11-18 15:26:27,327 [ERROR] [REDIS] Timeout khi đọc từ socket: Timeout reading from socket, reconnect sau 5s...
2025-11-18 15:26:32,329 [INFO] [REDIS] Đã kết nối Redis channel: iptables_commands
2025-11-18 15:27:32,389 [ERROR] [REDIS] Timeout khi đọc từ socket: Timeout reading from socket, reconnect sau 5s...
2025-11-18 15:27:37,392 [INFO] [REDIS] Đã kết nối Redis channel: iptables_commands
2025-11-18 15:28:37,451 [ERROR] [REDIS] Timeout khi đọc từ socket: Timeout reading from socket, reconnect sau 5s...
2025-11-18 15:28:42,453 [INFO] [REDIS] Đã kết nối Redis channel: iptables_commands
2025-11-18 15:29:42,513 [ERROR] [REDIS] Timeout khi đọc từ socket: Timeout reading from socket, reconnect sau 5s...
2025-11-18 15:29:47,515 [INFO] [REDIS] Đã kết nối Redis channel: iptables_commands
2025-11-18 15:30:47,575 [ERROR] [REDIS] Timeout khi đọc từ socket: Timeout reading from socket, reconnect sau 5s...
2025-11-18 15:30:52,578 [INFO] [REDIS] Đã kết nối Redis channel: iptables_commands
2025-11-18 15:31:52,628 [ERROR] [REDIS] Timeout khi đọc từ socket: Timeout reading from socket, reconnect sau 5s...
2025-11-18 15:31:57,631 [INFO] [REDIS] Đã kết nối Redis channel: iptables_commands
2025-11-18 15:32:57,650 [ERROR] [REDIS] Timeout khi đọc từ socket: Timeout reading from socket, reconnect sau 5s...
2025-11-18 15:33:02,651 [INFO] [REDIS] Đã kết nối Redis channel: iptables_commands
2025-11-18 15:34:02,676 [ERROR] [REDIS] Timeout khi đọc từ socket: Timeout reading from socket, reconnect sau 5s...
2025-11-18 15:34:07,679 [INFO] [REDIS] Đã kết nối Redis channel: iptables_commands
2025-11-18 15:35:07,739 [ERROR] [REDIS] Timeout khi đọc từ socket: Timeout reading from socket, reconnect sau 5s...
2025-11-18 15:35:12,741 [INFO] [REDIS] Đã kết nối Redis channel: iptables_commands
2025-11-18 15:36:12,801 [ERROR] [REDIS] Timeout khi đọc từ socket: Timeout reading from socket, reconnect sau 5s...
2025-11-18 15:36:17,803 [INFO] [REDIS] Đã kết nối Redis channel: iptables_commands
2025-11-18 15:37:17,863 [ERROR] [REDIS] Timeout khi đọc từ socket: Timeout reading from socket, reconnect sau 5s...
2025-11-18 15:37:22,865 [INFO] [REDIS] Đã kết nối Redis channel: iptables_commands
2025-11-18 15:38:22,925 [ERROR] [REDIS] Timeout khi đọc từ socket: Timeout reading from socket, reconnect sau 5s...
2025-11-18 15:38:27,927 [INFO] [REDIS] Đã kết nối Redis channel: iptables_commands
2025-11-18 15:39:27,987 [ERROR] [REDIS] Timeout khi đọc từ socket: Timeout reading from socket, reconnect sau 5s...
2025-11-18 15:39:32,989 [INFO] [REDIS] Đã kết nối Redis channel: iptables_commands
2025-11-18 15:40:33,048 [ERROR] [REDIS] Timeout khi đọc từ socket: Timeout reading from socket, reconnect sau 5s...
2025-11-18 15:40:38,050 [INFO] [REDIS] Đã kết nối Redis channel: iptables_commands
2025-11-18 15:41:38,110 [ERROR] [REDIS] Timeout khi đọc từ socket: Timeout reading from socket, reconnect sau 5s...
2025-11-18 15:41:43,112 [INFO] [REDIS] Đã kết nối Redis channel: iptables_commands
2025-11-18 15:42:43,149 [ERROR] [REDIS] Timeout khi đọc từ socket: Timeout reading from socket, reconnect sau 5s...
2025-11-18 15:42:48,152 [INFO] [REDIS] Đã kết nối Redis channel: iptables_commands
2025-11-18 15:43:48,213 [ERROR] [REDIS] Timeout khi đọc từ socket: Timeout reading from socket, reconnect sau 5s...
2025-11-18 15:43:53,216 [INFO] [REDIS] Đã kết nối Redis channel: iptables_commands
2025-11-18 15:44:53,276 [ERROR] [REDIS] Timeout khi đọc từ socket: Timeout reading from socket, reconnect sau 5s...
2025-11-18 15:44:58,279 [INFO] [REDIS] Đã kết nối Redis channel: iptables_commands
2025-11-18 15:45:58,340 [ERROR] [REDIS] Timeout khi đọc từ socket: Timeout reading from socket, reconnect sau 5s...
2025-11-18 15:46:03,343 [INFO] [REDIS] Đã kết nối Redis channel: iptables_commands
2025-11-18 15:47:03,401 [ERROR] [REDIS] Timeout khi đọc từ socket: Timeout reading from socket, reconnect sau 5s...
2025-11-18 15:47:08,403 [INFO] [REDIS] Đã kết nối Redis channel: iptables_commands
2025-11-18 15:48:08,463 [ERROR] [REDIS] Timeout khi đọc từ socket: Timeout reading from socket, reconnect sau 5s...
2025-11-18 15:48:13,467 [INFO] [REDIS] Đã kết nối Redis channel: iptables_commands
2025-11-18 15:49:13,527 [ERROR] [REDIS] Timeout khi đọc từ socket: Timeout reading from socket, reconnect sau 5s...
2025-11-18 15:49:18,530 [INFO] [REDIS] Đã kết nối Redis channel: iptables_commands
2025-11-18 15:50:18,590 [ERROR] [REDIS] Timeout khi đọc từ socket: Timeout reading from socket, reconnect sau 5s...
2025-11-18 15:50:23,592 [INFO] [REDIS] Đã kết nối Redis channel: iptables_commands
2025-11-18 15:51:23,653 [ERROR] [REDIS] Timeout khi đọc từ socket: Timeout reading from socket, reconnect sau 5s...
2025-11-18 15:51:28,655 [INFO] [REDIS] Đã kết nối Redis channel: iptables_commands
2025-11-18 15:52:28,715 [ERROR] [REDIS] Timeout khi đọc từ socket: Timeout reading from socket, reconnect sau 5s...
2025-11-18 15:52:33,718 [INFO] [REDIS] Đã kết nối Redis channel: iptables_commands
2025-11-18 15:53:33,741 [ERROR] [REDIS] Timeout khi đọc từ socket: Timeout reading from socket, reconnect sau 5s...
2025-11-18 15:53:38,744 [INFO] [REDIS] Đã kết nối Redis channel: iptables_commands
2025-11-18 15:54:38,804 [ERROR] [REDIS] Timeout khi đọc từ socket: Timeout reading from socket, reconnect sau 5s...
2025-11-18 15:54:43,807 [INFO] [REDIS] Đã kết nối Redis channel: iptables_commands
2025-11-18 15:55:43,827 [ERROR] [REDIS] Timeout khi đọc từ socket: Timeout reading from socket, reconnect sau 5s...
2025-11-18 15:55:48,829 [INFO] [REDIS] Đã kết nối Redis channel: iptables_commands
2025-11-18 15:56:48,889 [ERROR] [REDIS] Timeout khi đọc từ socket: Timeout reading from socket, reconnect sau 5s...
2025-11-18 15:56:53,891 [INFO] [REDIS] Đã kết nối Redis channel: iptables_commands
2025-11-18 15:57:53,952 [ERROR] [REDIS] Timeout khi đọc từ socket: Timeout reading from socket, reconnect sau 5s...
2025-11-18 15:57:58,955 [INFO] [REDIS] Đã kết nối Redis channel: iptables_commands
2025-11-18 15:58:59,015 [ERROR] [REDIS] Timeout khi đọc từ socket: Timeout reading from socket, reconnect sau 5s...
2025-11-18 15:59:04,017 [INFO] [REDIS] Đã kết nối Redis channel: iptables_commands
2025-11-18 16:00:04,077 [ERROR] [REDIS] Timeout khi đọc từ socket: Timeout reading from socket, reconnect sau 5s...
2025-11-18 16:00:09,080 [INFO] [REDIS] Đã kết nối Redis channel: iptables_commands
2025-11-18 16:01:09,140 [ERROR] [REDIS] Timeout khi đọc từ socket: Timeout reading from socket, reconnect sau 5s...
2025-11-18 16:01:14,143 [INFO] [REDIS] Đã kết nối Redis channel: iptables_commands
2025-11-18 16:02:14,204 [ERROR] [REDIS] Timeout khi đọc từ socket: Timeout reading from socket, reconnect sau 5s...
2025-11-18 16:02:19,207 [INFO] [REDIS] Đã kết nối Redis channel: iptables_commands
2025-11-18 16:03:19,268 [ERROR] [REDIS] Timeout khi đọc từ socket: Timeout reading from socket, reconnect sau 5s...
2025-11-18 16:03:24,269 [INFO] [REDIS] Đã kết nối Redis channel: iptables_commands
2025-11-18 16:04:24,330 [ERROR] [REDIS] Timeout khi đọc từ socket: Timeout reading from socket, reconnect sau 5s...
2025-11-18 16:04:29,332 [INFO] [REDIS] Đã kết nối Redis channel: iptables_commands
2025-11-18 16:05:29,389 [ERROR] [REDIS] Timeout khi đọc từ socket: Timeout reading from socket, reconnect sau 5s...
2025-11-18 16:05:34,390 [INFO] [REDIS] Đã kết nối Redis channel: iptables_commands
2025-11-18 16:06:34,451 [ERROR] [REDIS] Timeout khi đọc từ socket: Timeout reading from socket, reconnect sau 5s...
2025-11-18 16:06:39,453 [INFO] [REDIS] Đã kết nối Redis channel: iptables_commands
2025-11-18 16:07:39,514 [ERROR] [REDIS] Timeout khi đọc từ socket: Timeout reading from socket, reconnect sau 5s...
2025-11-18 16:07:44,517 [INFO] [REDIS] Đã kết nối Redis channel: iptables_commands
2025-11-18 16:08:44,578 [ERROR] [REDIS] Timeout khi đọc từ socket: Timeout reading from socket, reconnect sau 5s...
2025-11-18 16:08:49,579 [INFO] [REDIS] Đã kết nối Redis channel: iptables_commands
2025-11-18 16:09:49,640 [ERROR] [REDIS] Timeout khi đọc từ socket: Timeout reading from socket, reconnect sau 5s...
2025-11-18 16:09:54,642 [INFO] [REDIS] Đã kết nối Redis channel: iptables_commands
2025-11-18 16:10:54,686 [ERROR] [REDIS] Timeout khi đọc từ socket: Timeout reading from socket, reconnect sau 5s...
2025-11-18 16:10:59,689 [INFO] [REDIS] Đã kết nối Redis channel: iptables_commands
2025-11-18 16:11:59,740 [ERROR] [REDIS] Timeout khi đọc từ socket: Timeout reading from socket, reconnect sau 5s...
2025-11-18 16:12:04,743 [INFO] [REDIS] Đã kết nối Redis channel: iptables_commands
2025-11-18 16:13:04,793 [ERROR] [REDIS] Timeout khi đọc từ socket: Timeout reading from socket, reconnect sau 5s...
2025-11-18 16:13:09,804 [INFO] [REDIS] Đã kết nối Redis channel: iptables_commands
2025-11-18 16:14:09,865 [ERROR] [REDIS] Timeout khi đọc từ socket: Timeout reading from socket, reconnect sau 5s...
2025-11-18 16:14:14,867 [INFO] [REDIS] Đã kết nối Redis channel: iptables_commands
2025-11-18 16:15:14,927 [ERROR] [REDIS] Timeout khi đọc từ socket: Timeout reading from socket, reconnect sau 5s...
2025-11-18 16:15:19,929 [INFO] [REDIS] Đã kết nối Redis channel: iptables_commands
2025-11-18 16:16:19,990 [ERROR] [REDIS] Timeout khi đọc từ socket: Timeout reading from socket, reconnect sau 5s...
2025-11-18 16:16:24,993 [INFO] [REDIS] Đã kết nối Redis channel: iptables_commands
2025-11-18 16:17:25,051 [ERROR] [REDIS] Timeout khi đọc từ socket: Timeout reading from socket, reconnect sau 5s...
2025-11-18 16:17:30,054 [INFO] [REDIS] Đã kết nối Redis channel: iptables_commands
2025-11-18 16:18:30,114 [ERROR] [REDIS] Timeout khi đọc từ socket: Timeout reading from socket, reconnect sau 5s...
2025-11-18 16:18:35,117 [INFO] [REDIS] Đã kết nối Redis channel: iptables_commands
2025-11-18 16:19:35,177 [ERROR] [REDIS] Timeout khi đọc từ socket: Timeout reading from socket, reconnect sau 5s...
2025-11-18 16:19:40,180 [INFO] [REDIS] Đã kết nối Redis channel: iptables_commands
2025-11-18 16:20:40,192 [ERROR] [REDIS] Timeout khi đọc từ socket: Timeout reading from socket, reconnect sau 5s...
2025-11-18 16:20:45,194 [INFO] [REDIS] Đã kết nối Redis channel: iptables_commands
2025-11-18 16:21:45,239 [ERROR] [REDIS] Timeout khi đọc từ socket: Timeout reading from socket, reconnect sau 5s...
2025-11-18 16:21:50,242 [INFO] [REDIS] Đã kết nối Redis channel: iptables_commands
2025-11-18 16:22:50,302 [ERROR] [REDIS] Timeout khi đọc từ socket: Timeout reading from socket, reconnect sau 5s...
2025-11-18 16:22:55,305 [INFO] [REDIS] Đã kết nối Redis channel: iptables_commands
2025-11-18 16:23:55,365 [ERROR] [REDIS] Timeout khi đọc từ socket: Timeout reading from socket, reconnect sau 5s...
2025-11-18 16:24:00,368 [INFO] [REDIS] Đã kết nối Redis channel: iptables_commands
2025-11-18 16:25:00,406 [ERROR] [REDIS] Timeout khi đọc từ socket: Timeout reading from socket, reconnect sau 5s...
2025-11-18 16:25:05,409 [INFO] [REDIS] Đã kết nối Redis channel: iptables_commands
2025-11-18 16:26:05,469 [ERROR] [REDIS] Timeout khi đọc từ socket: Timeout reading from socket, reconnect sau 5s...
2025-11-18 16:26:10,471 [INFO] [REDIS] Đã kết nối Redis channel: iptables_commands
2025-11-18 16:27:10,531 [ERROR] [REDIS] Timeout khi đọc từ socket: Timeout reading from socket, reconnect sau 5s...
2025-11-18 16:27:15,533 [INFO] [REDIS] Đã kết nối Redis channel: iptables_commands
2025-11-18 16:27:57,692 [ERROR] [REDIS] Mất kết nối Redis: Connection closed by server., thử lại sau 5s...
2025-11-20 10:02:54,111 [INFO] ============================================================
2025-11-20 10:02:54,112 [INFO] 🚀 Bắt đầu iptables_service tại 2025-11-20 10:02:54.112069
2025-11-20 10:02:54,112 [INFO] ============================================================
2025-11-20 10:02:54,115 [INFO] [REDIS] Đã kết nối Redis channel: iptables_commands
2025-11-20 10:03:26,249 [INFO] ============================================================
2025-11-20 10:03:26,249 [INFO] 🚀 Bắt đầu iptables_service tại 2025-11-20 10:03:26.249906
2025-11-20 10:03:26,250 [INFO] ============================================================
2025-11-20 10:03:26,254 [INFO] [REDIS] Đã kết nối Redis channel: iptables_commands
2025-11-30 13:22:21,708 [INFO] ============================================================
2025-11-30 13:22:21,708 [INFO] 🚀 Bắt đầu iptables_service tại 2025-11-30 13:22:21.708423
2025-11-30 13:22:21,708 [INFO] ============================================================
2025-11-30 13:22:21,709 [INFO] [REDIS] Đã kết nối Redis channel: iptables_commands
2025-11-30 13:22:38,803 [INFO] [REDIS] Nhận lệnh: BLOCK 10.10.10.10
2025-11-30 13:22:38,821 [INFO] [BLOCKED] 10.10.10.10 - Đã thêm vào iptables
2025-11-30 13:22:53,524 [INFO] [REDIS] Nhận lệnh: UNBLOCK 10.10.10.10
2025-11-30 13:22:53,543 [INFO] [UNBLOCKED] 10.10.10.10 - Đã gỡ khỏi iptables
2025-11-30 13:22:57,435 [INFO] [REDIS] Nhận lệnh: BLOCK 10.10.10.10
2025-11-30 13:22:57,451 [INFO] [BLOCKED] 10.10.10.10 - Đã thêm vào iptables
2025-11-30 13:23:57,504 [ERROR] [REDIS] Timeout khi đọc từ socket: Timeout reading from socket, reconnect sau 5s...
2025-11-30 13:24:02,505 [INFO] [REDIS] Đã kết nối Redis channel: iptables_commands
2025-11-30 13:24:39,584 [INFO] [REDIS] Nhận lệnh: UNBLOCK 10.10.10.10
2025-11-30 13:24:39,600 [INFO] [UNBLOCKED] 10.10.10.10 - Đã gỡ khỏi iptables
2025-11-30 13:25:39,660 [ERROR] [REDIS] Timeout khi đọc từ socket: Timeout reading from socket, reconnect sau 5s...
2025-11-30 13:25:44,661 [INFO] [REDIS] Đã kết nối Redis channel: iptables_commands
2025-11-30 13:26:37,937 [INFO] [REDIS] Nhận lệnh: UNBLOCK 10.10.10.10
2025-11-30 13:26:37,945 [WARNING] [SKIP] IP 10.10.10.10 chưa bị chặn, bỏ qua.
2025-11-30 13:27:37,954 [ERROR] [REDIS] Timeout khi đọc từ socket: Timeout reading from socket, reconnect sau 5s...
2025-11-30 13:27:42,955 [INFO] [REDIS] Đã kết nối Redis channel: iptables_commands
2025-11-30 13:28:43,015 [ERROR] [REDIS] Timeout khi đọc từ socket: Timeout reading from socket, reconnect sau 5s...
2025-11-30 13:28:48,015 [INFO] [REDIS] Đã kết nối Redis channel: iptables_commands
2025-11-30 13:29:48,075 [ERROR] [REDIS] Timeout khi đọc từ socket: Timeout reading from socket, reconnect sau 5s...
2025-11-30 13:29:53,075 [INFO] [REDIS] Đã kết nối Redis channel: iptables_commands
2025-11-30 13:30:53,135 [ERROR] [REDIS] Timeout khi đọc từ socket: Timeout reading from socket, reconnect sau 5s...
2025-11-30 13:30:58,135 [INFO] [REDIS] Đã kết nối Redis channel: iptables_commands
2025-11-30 13:31:58,195 [ERROR] [REDIS] Timeout khi đọc từ socket: Timeout reading from socket, reconnect sau 5s...
2025-11-30 13:32:03,195 [INFO] [REDIS] Đã kết nối Redis channel: iptables_commands
2025-11-30 13:33:03,256 [ERROR] [REDIS] Timeout khi đọc từ socket: Timeout reading from socket, reconnect sau 5s...
2025-11-30 13:33:08,256 [INFO] [REDIS] Đã kết nối Redis channel: iptables_commands
2025-11-30 13:34:08,312 [ERROR] [REDIS] Timeout khi đọc từ socket: Timeout reading from socket, reconnect sau 5s...
2025-11-30 13:34:13,313 [INFO] [REDIS] Đã kết nối Redis channel: iptables_commands
2025-11-30 13:35:13,373 [ERROR] [REDIS] Timeout khi đọc từ socket: Timeout reading from socket, reconnect sau 5s...
2025-11-30 13:35:18,373 [INFO] [REDIS] Đã kết nối Redis channel: iptables_commands
2025-11-30 13:35:35,876 [INFO] [REDIS] Nhận lệnh: BLOCK 10.10.10.10
2025-11-30 13:35:35,900 [INFO] [BLOCKED] 10.10.10.10 - Đã thêm vào iptables
2025-11-30 13:35:38,355 [INFO] [REDIS] Nhận lệnh: UNBLOCK 10.10.10.10
2025-11-30 13:35:38,376 [INFO] [UNBLOCKED] 10.10.10.10 - Đã gỡ khỏi iptables
2025-11-30 13:35:40,475 [INFO] [REDIS] Nhận lệnh: UNBLOCK 10.10.10.10
2025-11-30 13:35:40,487 [WARNING] [SKIP] IP 10.10.10.10 chưa bị chặn, bỏ qua.
2025-11-30 13:35:45,214 [INFO] [REDIS] Nhận lệnh: UNBLOCK 10.10.10.10
2025-11-30 13:35:45,222 [WARNING] [SKIP] IP 10.10.10.10 chưa bị chặn, bỏ qua.
2025-11-30 13:35:49,532 [INFO] [REDIS] Nhận lệnh: UNBLOCK 10.10.10.10
2025-11-30 13:35:49,540 [WARNING] [SKIP] IP 10.10.10.10 chưa bị chặn, bỏ qua.
2025-11-30 13:36:24,816 [INFO] [REDIS] Nhận lệnh: UNBLOCK 10.10.10.10
2025-11-30 13:36:24,824 [WARNING] [SKIP] IP 10.10.10.10 chưa bị chặn, bỏ qua.
2025-11-30 13:36:27,542 [INFO] [REDIS] Nhận lệnh: BLOCK 10.10.10.10
2025-11-30 13:36:27,562 [INFO] [BLOCKED] 10.10.10.10 - Đã thêm vào iptables
2025-11-30 13:36:29,735 [INFO] [REDIS] Nhận lệnh: UNBLOCK 10.10.10.10
2025-11-30 13:36:29,754 [INFO] [UNBLOCKED] 10.10.10.10 - Đã gỡ khỏi iptables
2025-11-30 13:36:33,213 [INFO] [REDIS] Nhận lệnh: BLOCK 10.10.10.10
2025-11-30 13:36:33,229 [INFO] [BLOCKED] 10.10.10.10 - Đã thêm vào iptables
2025-11-30 13:36:42,478 [INFO] [REDIS] Nhận lệnh: UNBLOCK 10.10.10.10
2025-11-30 13:36:42,496 [INFO] [UNBLOCKED] 10.10.10.10 - Đã gỡ khỏi iptables
2025-11-30 13:37:42,556 [ERROR] [REDIS] Timeout khi đọc từ socket: Timeout reading from socket, reconnect sau 5s...
2025-11-30 13:37:47,557 [INFO] [REDIS] Đã kết nối Redis channel: iptables_commands
2025-11-30 13:38:47,617 [ERROR] [REDIS] Timeout khi đọc từ socket: Timeout reading from socket, reconnect sau 5s...
2025-11-30 13:38:52,618 [INFO] [REDIS] Đã kết nối Redis channel: iptables_commands
2025-11-30 13:39:52,645 [ERROR] [REDIS] Timeout khi đọc từ socket: Timeout reading from socket, reconnect sau 5s...
2025-11-30 13:39:57,646 [INFO] [REDIS] Đã kết nối Redis channel: iptables_commands
2025-11-30 13:40:57,681 [ERROR] [REDIS] Timeout khi đọc từ socket: Timeout reading from socket, reconnect sau 5s...
2025-11-30 13:41:02,682 [INFO] [REDIS] Đã kết nối Redis channel: iptables_commands
2025-11-30 13:42:02,742 [ERROR] [REDIS] Timeout khi đọc từ socket: Timeout reading from socket, reconnect sau 5s...
2025-11-30 13:42:07,743 [INFO] [REDIS] Đã kết nối Redis channel: iptables_commands
2025-11-30 13:43:07,777 [ERROR] [REDIS] Timeout khi đọc từ socket: Timeout reading from socket, reconnect sau 5s...
2025-11-30 13:43:12,778 [INFO] [REDIS] Đã kết nối Redis channel: iptables_commands
2025-11-30 13:44:12,838 [ERROR] [REDIS] Timeout khi đọc từ socket: Timeout reading from socket, reconnect sau 5s...
2025-11-30 13:44:17,839 [INFO] [REDIS] Đã kết nối Redis channel: iptables_commands
2025-11-30 13:45:17,899 [ERROR] [REDIS] Timeout khi đọc từ socket: Timeout reading from socket, reconnect sau 5s...
2025-11-30 13:45:22,900 [INFO] [REDIS] Đã kết nối Redis channel: iptables_commands
2025-11-30 13:46:22,922 [ERROR] [REDIS] Timeout khi đọc từ socket: Timeout reading from socket, reconnect sau 5s...
2025-11-30 13:46:27,923 [INFO] [REDIS] Đã kết nối Redis channel: iptables_commands
2025-11-30 13:46:33,213 [INFO] [REDIS] Nhận lệnh: UNBLOCK 10.10.10.10
2025-11-30 13:46:33,222 [WARNING] [SKIP] IP 10.10.10.10 chưa bị chặn, bỏ qua.
2025-11-30 13:47:33,282 [ERROR] [REDIS] Timeout khi đọc từ socket: Timeout reading from socket, reconnect sau 5s...
2025-11-30 13:47:38,284 [INFO] [REDIS] Đã kết nối Redis channel: iptables_commands
2025-11-30 13:48:38,344 [ERROR] [REDIS] Timeout khi đọc từ socket: Timeout reading from socket, reconnect sau 5s...
2025-11-30 13:48:43,344 [INFO] [REDIS] Đã kết nối Redis channel: iptables_commands
2025-11-30 13:49:43,407 [ERROR] [REDIS] Timeout khi đọc từ socket: Timeout reading from socket, reconnect sau 5s...
2025-11-30 13:49:48,407 [INFO] [REDIS] Đã kết nối Redis channel: iptables_commands
2025-11-30 13:50:48,433 [ERROR] [REDIS] Timeout khi đọc từ socket: Timeout reading from socket, reconnect sau 5s...
2025-11-30 13:50:53,434 [INFO] [REDIS] Đã kết nối Redis channel: iptables_commands
2025-11-30 13:51:53,494 [ERROR] [REDIS] Timeout khi đọc từ socket: Timeout reading from socket, reconnect sau 5s...
2025-11-30 13:51:58,494 [INFO] [REDIS] Đã kết nối Redis channel: iptables_commands
2025-11-30 13:52:58,554 [ERROR] [REDIS] Timeout khi đọc từ socket: Timeout reading from socket, reconnect sau 5s...
2025-11-30 13:53:03,555 [INFO] [REDIS] Đã kết nối Redis channel: iptables_commands
2025-11-30 13:54:03,615 [ERROR] [REDIS] Timeout khi đọc từ socket: Timeout reading from socket, reconnect sau 5s...
2025-11-30 13:54:08,615 [INFO] [REDIS] Đã kết nối Redis channel: iptables_commands
2025-11-30 13:55:08,645 [ERROR] [REDIS] Timeout khi đọc từ socket: Timeout reading from socket, reconnect sau 5s...
2025-11-30 13:55:13,646 [INFO] [REDIS] Đã kết nối Redis channel: iptables_commands
2025-11-30 13:56:13,706 [ERROR] [REDIS] Timeout khi đọc từ socket: Timeout reading from socket, reconnect sau 5s...
2025-11-30 13:56:18,706 [INFO] [REDIS] Đã kết nối Redis channel: iptables_commands
2025-11-30 13:57:18,766 [ERROR] [REDIS] Timeout khi đọc từ socket: Timeout reading from socket, reconnect sau 5s...
2025-11-30 13:57:23,766 [INFO] [REDIS] Đã kết nối Redis channel: iptables_commands
2025-11-30 13:58:23,826 [ERROR] [REDIS] Timeout khi đọc từ socket: Timeout reading from socket, reconnect sau 5s...
2025-11-30 13:58:28,826 [INFO] [REDIS] Đã kết nối Redis channel: iptables_commands
2025-11-30 13:59:28,886 [ERROR] [REDIS] Timeout khi đọc từ socket: Timeout reading from socket, reconnect sau 5s...
2025-11-30 13:59:33,886 [INFO] [REDIS] Đã kết nối Redis channel: iptables_commands
2025-11-30 14:00:33,946 [ERROR] [REDIS] Timeout khi đọc từ socket: Timeout reading from socket, reconnect sau 5s...
2025-11-30 14:00:38,946 [INFO] [REDIS] Đã kết nối Redis channel: iptables_commands
2025-11-30 14:01:39,006 [ERROR] [REDIS] Timeout khi đọc từ socket: Timeout reading from socket, reconnect sau 5s...
2025-11-30 14:01:44,007 [INFO] [REDIS] Đã kết nối Redis channel: iptables_commands
2025-11-30 14:02:44,067 [ERROR] [REDIS] Timeout khi đọc từ socket: Timeout reading from socket, reconnect sau 5s...
2025-11-30 14:02:49,068 [INFO] [REDIS] Đã kết nối Redis channel: iptables_commands
2025-11-30 14:03:49,128 [ERROR] [REDIS] Timeout khi đọc từ socket: Timeout reading from socket, reconnect sau 5s...
2025-11-30 14:03:54,129 [INFO] [REDIS] Đã kết nối Redis channel: iptables_commands
2025-11-30 14:04:54,139 [ERROR] [REDIS] Timeout khi đọc từ socket: Timeout reading from socket, reconnect sau 5s...
2025-11-30 14:04:59,140 [INFO] [REDIS] Đã kết nối Redis channel: iptables_commands
2025-11-30 14:05:59,200 [ERROR] [REDIS] Timeout khi đọc từ socket: Timeout reading from socket, reconnect sau 5s...
2025-11-30 14:06:04,201 [INFO] [REDIS] Đã kết nối Redis channel: iptables_commands
2025-11-30 14:07:04,261 [ERROR] [REDIS] Timeout khi đọc từ socket: Timeout reading from socket, reconnect sau 5s...
2025-11-30 14:07:09,261 [INFO] [REDIS] Đã kết nối Redis channel: iptables_commands
2025-11-30 14:08:09,321 [ERROR] [REDIS] Timeout khi đọc từ socket: Timeout reading from socket, reconnect sau 5s...
2025-11-30 14:08:14,321 [INFO] [REDIS] Đã kết nối Redis channel: iptables_commands
2025-11-30 14:09:14,381 [ERROR] [REDIS] Timeout khi đọc từ socket: Timeout reading from socket, reconnect sau 5s...
2025-11-30 14:09:19,381 [INFO] [REDIS] Đã kết nối Redis channel: iptables_commands
2025-11-30 14:10:19,441 [ERROR] [REDIS] Timeout khi đọc từ socket: Timeout reading from socket, reconnect sau 5s...
2025-11-30 14:10:24,442 [INFO] [REDIS] Đã kết nối Redis channel: iptables_commands
2025-11-30 14:11:24,448 [ERROR] [REDIS] Timeout khi đọc từ socket: Timeout reading from socket, reconnect sau 5s...
2025-11-30 14:11:29,449 [INFO] [REDIS] Đã kết nối Redis channel: iptables_commands
2025-11-30 14:12:29,476 [ERROR] [REDIS] Timeout khi đọc từ socket: Timeout reading from socket, reconnect sau 5s...
2025-11-30 14:12:34,477 [INFO] [REDIS] Đã kết nối Redis channel: iptables_commands
2025-11-30 14:13:34,537 [ERROR] [REDIS] Timeout khi đọc từ socket: Timeout reading from socket, reconnect sau 5s...
2025-11-30 14:13:39,538 [INFO] [REDIS] Đã kết nối Redis channel: iptables_commands
2025-11-30 14:14:39,599 [ERROR] [REDIS] Timeout khi đọc từ socket: Timeout reading from socket, reconnect sau 5s...
2025-11-30 14:14:44,599 [INFO] [REDIS] Đã kết nối Redis channel: iptables_commands
2025-11-30 14:15:44,662 [ERROR] [REDIS] Timeout khi đọc từ socket: Timeout reading from socket, reconnect sau 5s...
2025-11-30 14:15:49,663 [INFO] [REDIS] Đã kết nối Redis channel: iptables_commands
2025-11-30 14:16:49,723 [ERROR] [REDIS] Timeout khi đọc từ socket: Timeout reading from socket, reconnect sau 5s...
2025-11-30 14:16:54,724 [INFO] [REDIS] Đã kết nối Redis channel: iptables_commands
2025-11-30 14:17:54,784 [ERROR] [REDIS] Timeout khi đọc từ socket: Timeout reading from socket, reconnect sau 5s...
2025-11-30 14:17:59,785 [INFO] [REDIS] Đã kết nối Redis channel: iptables_commands
2025-11-30 14:18:59,795 [ERROR] [REDIS] Timeout khi đọc từ socket: Timeout reading from socket, reconnect sau 5s...
2025-11-30 14:19:04,796 [INFO] [REDIS] Đã kết nối Redis channel: iptables_commands
2025-11-30 14:20:04,856 [ERROR] [REDIS] Timeout khi đọc từ socket: Timeout reading from socket, reconnect sau 5s...
2025-11-30 14:20:09,857 [INFO] [REDIS] Đã kết nối Redis channel: iptables_commands
2025-11-30 14:21:09,917 [ERROR] [REDIS] Timeout khi đọc từ socket: Timeout reading from socket, reconnect sau 5s...
2025-11-30 14:21:14,918 [INFO] [REDIS] Đã kết nối Redis channel: iptables_commands
2025-11-30 14:22:14,925 [ERROR] [REDIS] Timeout khi đọc từ socket: Timeout reading from socket, reconnect sau 5s...
2025-11-30 14:22:19,926 [INFO] [REDIS] Đã kết nối Redis channel: iptables_commands
2025-11-30 14:23:19,986 [ERROR] [REDIS] Timeout khi đọc từ socket: Timeout reading from socket, reconnect sau 5s...
2025-11-30 14:23:24,987 [INFO] [REDIS] Đã kết nối Redis channel: iptables_commands
2025-11-30 14:24:25,047 [ERROR] [REDIS] Timeout khi đọc từ socket: Timeout reading from socket, reconnect sau 5s...
2025-11-30 14:24:30,048 [INFO] [REDIS] Đã kết nối Redis channel: iptables_commands
2025-11-30 14:25:30,108 [ERROR] [REDIS] Timeout khi đọc từ socket: Timeout reading from socket, reconnect sau 5s...
2025-11-30 14:25:35,108 [INFO] [REDIS] Đã kết nối Redis channel: iptables_commands
2025-11-30 14:26:35,168 [ERROR] [REDIS] Timeout khi đọc từ socket: Timeout reading from socket, reconnect sau 5s...
2025-11-30 14:26:40,169 [INFO] [REDIS] Đã kết nối Redis channel: iptables_commands
2025-11-30 14:27:40,214 [ERROR] [REDIS] Timeout khi đọc từ socket: Timeout reading from socket, reconnect sau 5s...
2025-11-30 14:27:45,215 [INFO] [REDIS] Đã kết nối Redis channel: iptables_commands
2025-11-30 14:28:45,230 [ERROR] [REDIS] Timeout khi đọc từ socket: Timeout reading from socket, reconnect sau 5s...
2025-11-30 14:28:50,231 [INFO] [REDIS] Đã kết nối Redis channel: iptables_commands
2025-11-30 14:29:50,288 [ERROR] [REDIS] Timeout khi đọc từ socket: Timeout reading from socket, reconnect sau 5s...
2025-11-30 14:29:55,289 [INFO] [REDIS] Đã kết nối Redis channel: iptables_commands
2025-11-30 14:30:55,349 [ERROR] [REDIS] Timeout khi đọc từ socket: Timeout reading from socket, reconnect sau 5s...
2025-11-30 14:31:00,350 [INFO] [REDIS] Đã kết nối Redis channel: iptables_commands
2025-11-30 14:32:00,410 [ERROR] [REDIS] Timeout khi đọc từ socket: Timeout reading from socket, reconnect sau 5s...
2025-11-30 14:32:05,411 [INFO] [REDIS] Đã kết nối Redis channel: iptables_commands
2025-11-30 15:37:52,381 [INFO] ============================================================
2025-11-30 15:37:52,381 [INFO] 🚀 Bắt đầu iptables_service tại 2025-11-30 15:37:52.381342
2025-11-30 15:37:52,381 [INFO] ============================================================
2025-11-30 15:37:52,382 [INFO] [REDIS] Đã kết nối Redis channel: iptables_commands
2025-11-30 15:37:54,777 [INFO] [REDIS] Nhận lệnh: UNBLOCK 192.168.1.4
2025-11-30 15:37:54,786 [WARNING] [SKIP] IP 192.168.1.4 chưa bị chặn, bỏ qua.
2025-11-30 15:38:13,280 [INFO] [REDIS] Nhận lệnh: BLOCK 192.168.1.4
2025-11-30 15:38:13,299 [INFO] [BLOCKED] 192.168.1.4 - Đã thêm vào iptables
2025-11-30 15:39:13,359 [ERROR] [REDIS] Timeout khi đọc từ socket: Timeout reading from socket, reconnect sau 5s...
2025-11-30 15:39:18,360 [INFO] [REDIS] Đã kết nối Redis channel: iptables_commands
2025-11-30 15:40:18,419 [ERROR] [REDIS] Timeout khi đọc từ socket: Timeout reading from socket, reconnect sau 5s...
2025-11-30 15:40:23,419 [INFO] [REDIS] Đã kết nối Redis channel: iptables_commands
2025-11-30 15:40:29,249 [INFO] [REDIS] Nhận lệnh: UNBLOCK 192.168.1.4
2025-11-30 15:40:29,268 [INFO] [UNBLOCKED] 192.168.1.4 - Đã gỡ khỏi iptables
2025-11-30 15:41:29,284 [ERROR] [REDIS] Timeout khi đọc từ socket: Timeout reading from socket, reconnect sau 5s...
2025-11-30 15:41:34,285 [INFO] [REDIS] Đã kết nối Redis channel: iptables_commands
2025-11-30 15:42:34,345 [ERROR] [REDIS] Timeout khi đọc từ socket: Timeout reading from socket, reconnect sau 5s...
2025-11-30 15:42:39,346 [INFO] [REDIS] Đã kết nối Redis channel: iptables_commands
2025-11-30 15:43:39,406 [ERROR] [REDIS] Timeout khi đọc từ socket: Timeout reading from socket, reconnect sau 5s...
2025-11-30 15:43:44,406 [INFO] [REDIS] Đã kết nối Redis channel: iptables_commands
2025-11-30 15:44:44,460 [ERROR] [REDIS] Timeout khi đọc từ socket: Timeout reading from socket, reconnect sau 5s...
2025-11-30 15:44:49,461 [INFO] [REDIS] Đã kết nối Redis channel: iptables_commands
2025-11-30 15:45:49,509 [ERROR] [REDIS] Timeout khi đọc từ socket: Timeout reading from socket, reconnect sau 5s...
2025-11-30 15:45:54,511 [INFO] [REDIS] Đã kết nối Redis channel: iptables_commands
2025-11-30 15:46:30,962 [INFO] [REDIS] Nhận lệnh: UNBLOCK 192.168.1.4
2025-11-30 15:46:30,970 [WARNING] [SKIP] IP 192.168.1.4 chưa bị chặn, bỏ qua.
2025-11-30 15:47:21,335 [INFO] [REDIS] Nhận lệnh: UNBLOCK 192.168.1.4
2025-11-30 15:47:21,343 [WARNING] [SKIP] IP 192.168.1.4 chưa bị chặn, bỏ qua.
2025-11-30 15:48:13,280 [INFO] [REDIS] Nhận lệnh: UNBLOCK 192.168.1.4
2025-11-30 15:48:13,289 [WARNING] [SKIP] IP 192.168.1.4 chưa bị chặn, bỏ qua.
2025-11-30 15:49:13,349 [ERROR] [REDIS] Timeout khi đọc từ socket: Timeout reading from socket, reconnect sau 5s...
2025-11-30 15:49:18,350 [INFO] [REDIS] Đã kết nối Redis channel: iptables_commands
2025-11-30 15:50:18,376 [ERROR] [REDIS] Timeout khi đọc từ socket: Timeout reading from socket, reconnect sau 5s...
2025-11-30 15:50:23,377 [INFO] [REDIS] Đã kết nối Redis channel: iptables_commands
2025-11-30 15:51:23,437 [ERROR] [REDIS] Timeout khi đọc từ socket: Timeout reading from socket, reconnect sau 5s...
2025-11-30 15:51:28,438 [INFO] [REDIS] Đã kết nối Redis channel: iptables_commands
2025-11-30 15:52:28,479 [ERROR] [REDIS] Timeout khi đọc từ socket: Timeout reading from socket, reconnect sau 5s...
2025-11-30 15:52:33,480 [INFO] [REDIS] Đã kết nối Redis channel: iptables_commands
2025-11-30 15:53:33,540 [ERROR] [REDIS] Timeout khi đọc từ socket: Timeout reading from socket, reconnect sau 5s...
2025-11-30 15:53:38,540 [INFO] [REDIS] Đã kết nối Redis channel: iptables_commands
2025-11-30 15:54:38,570 [ERROR] [REDIS] Timeout khi đọc từ socket: Timeout reading from socket, reconnect sau 5s...
2025-11-30 15:54:43,571 [INFO] [REDIS] Đã kết nối Redis channel: iptables_commands
2025-11-30 15:55:43,580 [ERROR] [REDIS] Timeout khi đọc từ socket: Timeout reading from socket, reconnect sau 5s...
2025-11-30 15:55:48,580 [INFO] [REDIS] Đã kết nối Redis channel: iptables_commands
2025-11-30 15:56:48,640 [ERROR] [REDIS] Timeout khi đọc từ socket: Timeout reading from socket, reconnect sau 5s...
2025-11-30 15:56:53,640 [INFO] [REDIS] Đã kết nối Redis channel: iptables_commands
2025-11-30 15:57:53,700 [ERROR] [REDIS] Timeout khi đọc từ socket: Timeout reading from socket, reconnect sau 5s...
2025-11-30 15:57:58,701 [INFO] [REDIS] Đã kết nối Redis channel: iptables_commands
2025-11-30 15:58:58,761 [ERROR] [REDIS] Timeout khi đọc từ socket: Timeout reading from socket, reconnect sau 5s...
2025-11-30 15:59:03,762 [INFO] [REDIS] Đã kết nối Redis channel: iptables_commands
2025-11-30 16:00:03,822 [ERROR] [REDIS] Timeout khi đọc từ socket: Timeout reading from socket, reconnect sau 5s...
2025-11-30 16:00:08,823 [INFO] [REDIS] Đã kết nối Redis channel: iptables_commands
2025-11-30 16:01:08,883 [ERROR] [REDIS] Timeout khi đọc từ socket: Timeout reading from socket, reconnect sau 5s...
2025-11-30 16:01:13,884 [INFO] [REDIS] Đã kết nối Redis channel: iptables_commands
2025-11-30 16:02:13,944 [ERROR] [REDIS] Timeout khi đọc từ socket: Timeout reading from socket, reconnect sau 5s...
2025-11-30 16:02:18,945 [INFO] [REDIS] Đã kết nối Redis channel: iptables_commands
2025-11-30 16:03:18,979 [ERROR] [REDIS] Timeout khi đọc từ socket: Timeout reading from socket, reconnect sau 5s...
2025-11-30 16:03:23,980 [INFO] [REDIS] Đã kết nối Redis channel: iptables_commands
2025-11-30 16:04:24,039 [ERROR] [REDIS] Timeout khi đọc từ socket: Timeout reading from socket, reconnect sau 5s...
2025-11-30 16:04:29,039 [INFO] [REDIS] Đã kết nối Redis channel: iptables_commands
2025-11-30 16:05:29,100 [ERROR] [REDIS] Timeout khi đọc từ socket: Timeout reading from socket, reconnect sau 5s...
2025-11-30 16:05:34,100 [INFO] [REDIS] Đã kết nối Redis channel: iptables_commands
2025-11-30 16:06:34,144 [ERROR] [REDIS] Timeout khi đọc từ socket: Timeout reading from socket, reconnect sau 5s...
2025-11-30 16:06:39,145 [INFO] [REDIS] Đã kết nối Redis channel: iptables_commands
2025-11-30 16:07:39,201 [ERROR] [REDIS] Timeout khi đọc từ socket: Timeout reading from socket, reconnect sau 5s...
2025-11-30 16:07:44,202 [INFO] [REDIS] Đã kết nối Redis channel: iptables_commands
2025-11-30 16:08:44,262 [ERROR] [REDIS] Timeout khi đọc từ socket: Timeout reading from socket, reconnect sau 5s...
2025-11-30 16:08:49,263 [INFO] [REDIS] Đã kết nối Redis channel: iptables_commands
2025-11-30 16:09:49,323 [ERROR] [REDIS] Timeout khi đọc từ socket: Timeout reading from socket, reconnect sau 5s...
2025-11-30 16:09:54,324 [INFO] [REDIS] Đã kết nối Redis channel: iptables_commands
2025-11-30 16:10:54,384 [ERROR] [REDIS] Timeout khi đọc từ socket: Timeout reading from socket, reconnect sau 5s...
2025-11-30 16:10:59,385 [INFO] [REDIS] Đã kết nối Redis channel: iptables_commands
2025-11-30 16:11:59,424 [ERROR] [REDIS] Timeout khi đọc từ socket: Timeout reading from socket, reconnect sau 5s...
2025-11-30 16:12:04,425 [INFO] [REDIS] Đã kết nối Redis channel: iptables_commands
2025-11-30 16:13:04,485 [ERROR] [REDIS] Timeout khi đọc từ socket: Timeout reading from socket, reconnect sau 5s...
2025-11-30 16:13:09,486 [INFO] [REDIS] Đã kết nối Redis channel: iptables_commands
2025-11-30 16:14:09,547 [ERROR] [REDIS] Timeout khi đọc từ socket: Timeout reading from socket, reconnect sau 5s...
2025-11-30 16:14:14,548 [INFO] [REDIS] Đã kết nối Redis channel: iptables_commands
2025-11-30 16:15:14,608 [ERROR] [REDIS] Timeout khi đọc từ socket: Timeout reading from socket, reconnect sau 5s...
2025-11-30 16:15:19,609 [INFO] [REDIS] Đã kết nối Redis channel: iptables_commands
2025-11-30 16:16:19,670 [ERROR] [REDIS] Timeout khi đọc từ socket: Timeout reading from socket, reconnect sau 5s...
2025-11-30 16:16:24,670 [INFO] [REDIS] Đã kết nối Redis channel: iptables_commands
2025-11-30 16:17:24,730 [ERROR] [REDIS] Timeout khi đọc từ socket: Timeout reading from socket, reconnect sau 5s...
2025-11-30 16:17:29,731 [INFO] [REDIS] Đã kết nối Redis channel: iptables_commands
2025-11-30 16:18:29,791 [ERROR] [REDIS] Timeout khi đọc từ socket: Timeout reading from socket, reconnect sau 5s...
2025-11-30 16:18:34,792 [INFO] [REDIS] Đã kết nối Redis channel: iptables_commands
2025-11-30 16:19:34,852 [ERROR] [REDIS] Timeout khi đọc từ socket: Timeout reading from socket, reconnect sau 5s...
2025-11-30 16:19:39,852 [INFO] [REDIS] Đã kết nối Redis channel: iptables_commands
2025-11-30 16:20:39,912 [ERROR] [REDIS] Timeout khi đọc từ socket: Timeout reading from socket, reconnect sau 5s...
2025-11-30 16:20:44,913 [INFO] [REDIS] Đã kết nối Redis channel: iptables_commands
2025-11-30 16:21:44,973 [ERROR] [REDIS] Timeout khi đọc từ socket: Timeout reading from socket, reconnect sau 5s...
2025-11-30 16:21:49,974 [INFO] [REDIS] Đã kết nối Redis channel: iptables_commands
2025-11-30 16:22:50,000 [ERROR] [REDIS] Timeout khi đọc từ socket: Timeout reading from socket, reconnect sau 5s...
2025-11-30 16:22:55,001 [INFO] [REDIS] Đã kết nối Redis channel: iptables_commands
2025-11-30 16:23:55,061 [ERROR] [REDIS] Timeout khi đọc từ socket: Timeout reading from socket, reconnect sau 5s...
2025-11-30 16:24:00,062 [INFO] [REDIS] Đã kết nối Redis channel: iptables_commands
2025-11-30 16:25:00,122 [ERROR] [REDIS] Timeout khi đọc từ socket: Timeout reading from socket, reconnect sau 5s...
2025-11-30 16:25:05,123 [INFO] [REDIS] Đã kết nối Redis channel: iptables_commands
2025-11-30 16:26:05,142 [ERROR] [REDIS] Timeout khi đọc từ socket: Timeout reading from socket, reconnect sau 5s...
2025-11-30 16:26:10,143 [INFO] [REDIS] Đã kết nối Redis channel: iptables_commands
2025-11-30 16:27:10,199 [ERROR] [REDIS] Timeout khi đọc từ socket: Timeout reading from socket, reconnect sau 5s...
2025-11-30 16:27:15,201 [INFO] [REDIS] Đã kết nối Redis channel: iptables_commands
2025-11-30 16:28:15,260 [ERROR] [REDIS] Timeout khi đọc từ socket: Timeout reading from socket, reconnect sau 5s...
2025-11-30 16:28:20,261 [INFO] [REDIS] Đã kết nối Redis channel: iptables_commands
2025-11-30 16:29:20,266 [ERROR] [REDIS] Timeout khi đọc từ socket: Timeout reading from socket, reconnect sau 5s...
2025-11-30 16:29:25,266 [INFO] [REDIS] Đã kết nối Redis channel: iptables_commands
2025-11-30 16:30:25,329 [ERROR] [REDIS] Timeout khi đọc từ socket: Timeout reading from socket, reconnect sau 5s...
2025-11-30 16:30:30,330 [INFO] [REDIS] Đã kết nối Redis channel: iptables_commands
2025-11-30 16:31:30,390 [ERROR] [REDIS] Timeout khi đọc từ socket: Timeout reading from socket, reconnect sau 5s...
2025-11-30 16:31:35,391 [INFO] [REDIS] Đã kết nối Redis channel: iptables_commands
2025-11-30 16:32:35,451 [ERROR] [REDIS] Timeout khi đọc từ socket: Timeout reading from socket, reconnect sau 5s...
2025-11-30 16:32:40,451 [INFO] [REDIS] Đã kết nối Redis channel: iptables_commands
2025-11-30 16:33:40,511 [ERROR] [REDIS] Timeout khi đọc từ socket: Timeout reading from socket, reconnect sau 5s...
2025-11-30 16:33:45,511 [INFO] [REDIS] Đã kết nối Redis channel: iptables_commands
2025-11-30 16:34:45,571 [ERROR] [REDIS] Timeout khi đọc từ socket: Timeout reading from socket, reconnect sau 5s...
2025-11-30 16:34:50,572 [INFO] [REDIS] Đã kết nối Redis channel: iptables_commands
2025-11-30 16:35:50,630 [ERROR] [REDIS] Timeout khi đọc từ socket: Timeout reading from socket, reconnect sau 5s...
2025-11-30 16:35:55,631 [INFO] [REDIS] Đã kết nối Redis channel: iptables_commands
2025-11-30 16:36:55,674 [ERROR] [REDIS] Timeout khi đọc từ socket: Timeout reading from socket, reconnect sau 5s...
2025-11-30 16:37:00,675 [INFO] [REDIS] Đã kết nối Redis channel: iptables_commands
2025-11-30 16:38:00,735 [ERROR] [REDIS] Timeout khi đọc từ socket: Timeout reading from socket, reconnect sau 5s...
2025-11-30 16:38:05,736 [INFO] [REDIS] Đã kết nối Redis channel: iptables_commands
2025-11-30 16:39:05,753 [ERROR] [REDIS] Timeout khi đọc từ socket: Timeout reading from socket, reconnect sau 5s...
2025-11-30 16:39:10,754 [INFO] [REDIS] Đã kết nối Redis channel: iptables_commands
2025-11-30 16:40:10,814 [ERROR] [REDIS] Timeout khi đọc từ socket: Timeout reading from socket, reconnect sau 5s...
2025-11-30 16:40:15,815 [INFO] [REDIS] Đã kết nối Redis channel: iptables_commands
2025-11-30 16:41:15,869 [ERROR] [REDIS] Timeout khi đọc từ socket: Timeout reading from socket, reconnect sau 5s...
2025-11-30 16:41:20,870 [INFO] [REDIS] Đã kết nối Redis channel: iptables_commands
2025-11-30 16:42:20,930 [ERROR] [REDIS] Timeout khi đọc từ socket: Timeout reading from socket, reconnect sau 5s...
2025-11-30 16:42:25,931 [INFO] [REDIS] Đã kết nối Redis channel: iptables_commands
2025-11-30 16:43:25,968 [ERROR] [REDIS] Timeout khi đọc từ socket: Timeout reading from socket, reconnect sau 5s...
2025-11-30 16:43:30,969 [INFO] [REDIS] Đã kết nối Redis channel: iptables_commands
2025-11-30 16:44:31,003 [ERROR] [REDIS] Timeout khi đọc từ socket: Timeout reading from socket, reconnect sau 5s...
2025-11-30 16:44:36,004 [INFO] [REDIS] Đã kết nối Redis channel: iptables_commands
2025-11-30 16:45:36,064 [ERROR] [REDIS] Timeout khi đọc từ socket: Timeout reading from socket, reconnect sau 5s...
2025-11-30 16:45:41,066 [INFO] [REDIS] Đã kết nối Redis channel: iptables_commands
2025-11-30 16:46:41,126 [ERROR] [REDIS] Timeout khi đọc từ socket: Timeout reading from socket, reconnect sau 5s...
2025-11-30 16:46:46,126 [INFO] [REDIS] Đã kết nối Redis channel: iptables_commands
2025-11-30 16:47:46,186 [ERROR] [REDIS] Timeout khi đọc từ socket: Timeout reading from socket, reconnect sau 5s...
2025-11-30 16:47:51,187 [INFO] [REDIS] Đã kết nối Redis channel: iptables_commands
2025-11-30 16:48:51,247 [ERROR] [REDIS] Timeout khi đọc từ socket: Timeout reading from socket, reconnect sau 5s...
2025-11-30 16:48:56,248 [INFO] [REDIS] Đã kết nối Redis channel: iptables_commands
2025-11-30 16:49:56,308 [ERROR] [REDIS] Timeout khi đọc từ socket: Timeout reading from socket, reconnect sau 5s...
2025-11-30 16:50:01,309 [INFO] [REDIS] Đã kết nối Redis channel: iptables_commands
2025-11-30 16:51:01,367 [ERROR] [REDIS] Timeout khi đọc từ socket: Timeout reading from socket, reconnect sau 5s...
2025-11-30 16:51:06,368 [INFO] [REDIS] Đã kết nối Redis channel: iptables_commands
2025-11-30 16:52:06,428 [ERROR] [REDIS] Timeout khi đọc từ socket: Timeout reading from socket, reconnect sau 5s...
2025-11-30 16:52:11,429 [INFO] [REDIS] Đã kết nối Redis channel: iptables_commands
2025-11-30 16:53:11,438 [ERROR] [REDIS] Timeout khi đọc từ socket: Timeout reading from socket, reconnect sau 5s...
2025-11-30 16:53:16,439 [INFO] [REDIS] Đã kết nối Redis channel: iptables_commands
2025-11-30 16:54:16,499 [ERROR] [REDIS] Timeout khi đọc từ socket: Timeout reading from socket, reconnect sau 5s...
2025-11-30 16:54:21,500 [INFO] [REDIS] Đã kết nối Redis channel: iptables_commands
2025-11-30 16:55:21,555 [ERROR] [REDIS] Timeout khi đọc từ socket: Timeout reading from socket, reconnect sau 5s...
2025-11-30 16:55:26,556 [INFO] [REDIS] Đã kết nối Redis channel: iptables_commands
2025-11-30 16:56:26,616 [ERROR] [REDIS] Timeout khi đọc từ socket: Timeout reading from socket, reconnect sau 5s...
2025-11-30 16:56:31,617 [INFO] [REDIS] Đã kết nối Redis channel: iptables_commands
